// Jest Snapshot v1, https://goo.gl/fbAQLP

exports[`should render Login comp + snapshot test 1`] = `
<div>
  <h1>
     Sign in here to access the guestbook
  </h1>
  <form>
    <label
      aria-label="email"
    >
      Email
    </label>
    <input
      id="email"
      name="email"
      placeholder="email"
      type="email"
      value=""
    />
     
    <label
      aria-label="password"
    >
      Password
    </label>
    <input
      id="password"
      name="password"
      placeholder="password"
      type="password"
      value=""
    />
    <button
      aria-label="sign-in"
      type="submit"
    >
      Sign In
    </button>
  </form>
</div>
`;
